2026-05-26 23:34:00,115 - mlops_detector - INFO - GPU not found. Falling back to CPUExecutionProvider
2026-05-27 00:26:55,972 - mlops_detector - INFO - Starting up API, loading ONNX model...
2026-05-27 00:26:55,973 - mlops_detector - INFO - GPU not found. Falling back to CPUExecutionProvider
2026-05-27 00:27:23,202 - mlops_detector - WARNING - Unauthorized API access attempt.
2026-05-27 00:27:38,080 - mlops_detector - WARNING - Unauthorized API access attempt.
2026-05-27 00:30:41,318 - mlops_detector - INFO - Starting up API, loading ONNX model...
2026-05-27 00:30:41,318 - mlops_detector - INFO - GPU not found. Falling back to CPUExecutionProvider
2026-05-27 00:31:04,027 - mlops_detector - WARNING - Unauthorized API access attempt.
2026-05-27 00:31:34,484 - mlops_detector - WARNING - Unauthorized API access attempt.
2026-05-27 00:32:07,650 - mlops_detector - INFO - Processing image: c37387cc-4612-45a8-be04-10923f455faf_test_resmi.jpg
2026-05-27 00:32:07,679 - mlops_detector - WARNING - UNCERTAIN detected: test_resmi.jpg (Score: 0.4629)
2026-06-07 18:04:42,501 - mlops_detector - INFO - Feedback saved: db_test_image.png (ID: 1)
2026-06-07 18:05:33,880 - mlops_detector - INFO - Feedback saved: db_test_image.png (ID: 1)
2026-06-07 18:10:10,365 - mlops_detector - INFO - Feedback saved: db_test_image.png (ID: 1)
2026-06-07 18:12:53,126 - mlops_detector - INFO - Feedback saved: db_test_image.png (ID: 1)
2026-06-07 18:22:09,597 - httpx - INFO - HTTP Request: GET http://testserver/inference/health "HTTP/1.1 401 Unauthorized"
2026-06-07 18:22:09,605 - httpx - INFO - HTTP Request: GET http://testserver/inference/health "HTTP/1.1 200 OK"
2026-06-07 18:22:09,610 - httpx - INFO - HTTP Request: POST http://testserver/feedback "HTTP/1.1 307 Temporary Redirect"
2026-06-07 18:22:09,616 - httpx - INFO - HTTP Request: POST http://testserver/feedback/ "HTTP/1.1 202 Accepted"
2026-06-07 18:22:09,700 - httpx - INFO - HTTP Request: POST http://testserver/inference/predict "HTTP/1.1 413 Request Entity Too Large"
2026-06-07 18:22:09,706 - httpx - INFO - HTTP Request: POST http://testserver/feedback "HTTP/1.1 307 Temporary Redirect"
2026-06-07 18:22:09,716 - mlops_detector - WARNING - Unvalid data entry: [{'type': 'string_too_short', 'loc': ('body', 'filename'), 'msg': 'String should have at least 1 character', 'input': '', 'ctx': {'min_length': 1}}] - Endpoint: /feedback/
2026-06-07 18:22:09,717 - httpx - INFO - HTTP Request: POST http://testserver/feedback/ "HTTP/1.1 422 Unprocessable Entity"
2026-06-07 18:22:09,723 - httpx - INFO - HTTP Request: POST http://testserver/feedback "HTTP/1.1 307 Temporary Redirect"
2026-06-07 18:22:09,727 - mlops_detector - WARNING - Unvalid data entry: [{'type': 'literal_error', 'loc': ('body', 'model_prediction'), 'msg': "Input should be 'REAL', 'AI_GENERATED' or 'UNCERTAIN'", 'input': 'INVALID', 'ctx': {'expected': "'REAL', 'AI_GENERATED' or 'UNCERTAIN'"}}] - Endpoint: /feedback/
2026-06-07 18:22:09,728 - httpx - INFO - HTTP Request: POST http://testserver/feedback/ "HTTP/1.1 422 Unprocessable Entity"
2026-06-07 18:22:09,734 - httpx - INFO - HTTP Request: POST http://testserver/feedback "HTTP/1.1 307 Temporary Redirect"
2026-06-07 18:22:09,738 - mlops_detector - WARNING - Unvalid data entry: [{'type': 'less_than_equal', 'loc': ('body', 'confidence'), 'msg': 'Input should be less than or equal to 1', 'input': 1.5, 'ctx': {'le': 1.0}}] - Endpoint: /feedback/
2026-06-07 18:22:09,740 - httpx - INFO - HTTP Request: POST http://testserver/feedback/ "HTTP/1.1 422 Unprocessable Entity"
2026-06-07 18:22:09,802 - httpx - INFO - HTTP Request: GET http://testserver/inference/health "HTTP/1.1 200 OK"
2026-06-07 18:22:09,807 - httpx - INFO - HTTP Request: GET http://testserver/inference/health "HTTP/1.1 200 OK"
2026-06-07 18:22:09,812 - httpx - INFO - HTTP Request: GET http://testserver/inference/health "HTTP/1.1 200 OK"
2026-06-07 18:22:09,818 - httpx - INFO - HTTP Request: GET http://testserver/inference/health "HTTP/1.1 200 OK"
2026-06-07 18:22:09,824 - httpx - INFO - HTTP Request: GET http://testserver/inference/health "HTTP/1.1 200 OK"
2026-06-07 18:22:09,829 - httpx - INFO - HTTP Request: GET http://testserver/inference/health "HTTP/1.1 200 OK"
2026-06-07 18:22:09,835 - httpx - INFO - HTTP Request: GET http://testserver/inference/health "HTTP/1.1 200 OK"
2026-06-07 18:22:09,839 - httpx - INFO - HTTP Request: GET http://testserver/inference/health "HTTP/1.1 200 OK"
2026-06-07 18:22:09,844 - httpx - INFO - HTTP Request: GET http://testserver/inference/health "HTTP/1.1 200 OK"
2026-06-07 18:22:09,849 - httpx - INFO - HTTP Request: GET http://testserver/inference/health "HTTP/1.1 200 OK"
2026-06-07 18:22:09,854 - httpx - INFO - HTTP Request: GET http://testserver/inference/health "HTTP/1.1 200 OK"
2026-06-07 18:22:09,858 - httpx - INFO - HTTP Request: GET http://testserver/inference/health "HTTP/1.1 200 OK"
2026-06-07 18:22:09,864 - httpx - INFO - HTTP Request: GET http://testserver/inference/health "HTTP/1.1 200 OK"
2026-06-07 18:22:09,870 - httpx - INFO - HTTP Request: GET http://testserver/inference/health "HTTP/1.1 200 OK"
2026-06-07 18:22:09,875 - httpx - INFO - HTTP Request: GET http://testserver/inference/health "HTTP/1.1 200 OK"
2026-06-07 18:22:09,902 - mlops_detector - ERROR - Unexpected system error: 'MagicMock' object can't be awaited - Endpoint: /inference/predict
2026-06-07 18:22:10,279 - httpx - INFO - HTTP Request: POST http://testserver/feedback "HTTP/1.1 307 Temporary Redirect"
2026-06-07 18:22:10,286 - httpx - INFO - HTTP Request: POST http://testserver/feedback/ "HTTP/1.1 202 Accepted"
2026-06-07 18:22:10,297 - httpx - INFO - HTTP Request: GET http://testserver/inference/health "HTTP/1.1 401 Unauthorized"
2026-06-07 18:22:10,306 - httpx - INFO - HTTP Request: GET http://testserver/inference/health "HTTP/1.1 401 Unauthorized"
2026-06-07 18:22:10,312 - httpx - INFO - HTTP Request: GET http://testserver/inference/health "HTTP/1.1 401 Unauthorized"
2026-06-07 18:22:10,339 - mlops_detector - INFO - Feedback saved: db_test_image.png (ID: 1)
2026-06-07 18:35:31,880 - httpx - INFO - HTTP Request: GET http://testserver/inference/health "HTTP/1.1 401 Unauthorized"
2026-06-07 18:35:31,889 - httpx - INFO - HTTP Request: GET http://testserver/inference/health "HTTP/1.1 200 OK"
2026-06-07 18:35:31,896 - httpx - INFO - HTTP Request: POST http://testserver/feedback "HTTP/1.1 307 Temporary Redirect"
2026-06-07 18:35:31,904 - httpx - INFO - HTTP Request: POST http://testserver/feedback/ "HTTP/1.1 202 Accepted"
2026-06-07 18:35:31,989 - httpx - INFO - HTTP Request: POST http://testserver/inference/predict "HTTP/1.1 413 Request Entity Too Large"
2026-06-07 18:35:31,995 - httpx - INFO - HTTP Request: POST http://testserver/feedback "HTTP/1.1 307 Temporary Redirect"
2026-06-07 18:35:32,000 - mlops_detector - WARNING - Unvalid data entry: [{'type': 'string_too_short', 'loc': ('body', 'filename'), 'msg': 'String should have at least 1 character', 'input': '', 'ctx': {'min_length': 1}}] - Endpoint: /feedback/
2026-06-07 18:35:32,002 - httpx - INFO - HTTP Request: POST http://testserver/feedback/ "HTTP/1.1 422 Unprocessable Entity"
2026-06-07 18:35:32,008 - httpx - INFO - HTTP Request: POST http://testserver/feedback "HTTP/1.1 307 Temporary Redirect"
2026-06-07 18:35:32,013 - mlops_detector - WARNING - Unvalid data entry: [{'type': 'literal_error', 'loc': ('body', 'model_prediction'), 'msg': "Input should be 'REAL', 'AI_GENERATED' or 'UNCERTAIN'", 'input': 'INVALID', 'ctx': {'expected': "'REAL', 'AI_GENERATED' or 'UNCERTAIN'"}}] - Endpoint: /feedback/
2026-06-07 18:35:32,014 - httpx - INFO - HTTP Request: POST http://testserver/feedback/ "HTTP/1.1 422 Unprocessable Entity"
2026-06-07 18:35:32,020 - httpx - INFO - HTTP Request: POST http://testserver/feedback "HTTP/1.1 307 Temporary Redirect"
2026-06-07 18:35:32,026 - mlops_detector - WARNING - Unvalid data entry: [{'type': 'less_than_equal', 'loc': ('body', 'confidence'), 'msg': 'Input should be less than or equal to 1', 'input': 1.5, 'ctx': {'le': 1.0}}] - Endpoint: /feedback/
2026-06-07 18:35:32,027 - httpx - INFO - HTTP Request: POST http://testserver/feedback/ "HTTP/1.1 422 Unprocessable Entity"
2026-06-07 18:35:32,059 - mlops_detector - ERROR - Unexpected system error: 2 validation errors:
  {'type': 'missing', 'loc': ('response', 'prediction'), 'msg': 'Field required', 'input': {'filename': 'test.png', 'model_prediction': 'REAL', 'confidence': 0.99}}
  {'type': 'missing', 'loc': ('response', 'status'), 'msg': 'Field required', 'input': {'filename': 'test.png', 'model_prediction': 'REAL', 'confidence': 0.99}}

  File "/home/goksu/ai-image-detector-mlops/venv/lib/python3.14/site-packages/slowapi/extension.py", line 38, in predict_image
    POST /inference/predict - Endpoint: /inference/predict
2026-06-07 18:35:32,359 - mlops_detector - WARNING - Unvalid data entry: [{'type': 'missing', 'loc': ('body', 'file'), 'msg': 'Field required', 'input': None}] - Endpoint: /inference/predict
2026-06-07 18:35:32,361 - httpx - INFO - HTTP Request: POST http://testserver/inference/predict "HTTP/1.1 422 Unprocessable Entity"
2026-06-07 18:35:32,365 - mlops_detector - WARNING - Unvalid data entry: [{'type': 'missing', 'loc': ('body', 'file'), 'msg': 'Field required', 'input': None}] - Endpoint: /inference/predict
2026-06-07 18:35:32,368 - httpx - INFO - HTTP Request: POST http://testserver/inference/predict "HTTP/1.1 422 Unprocessable Entity"
2026-06-07 18:35:32,373 - mlops_detector - WARNING - Unvalid data entry: [{'type': 'missing', 'loc': ('body', 'file'), 'msg': 'Field required', 'input': None}] - Endpoint: /inference/predict
2026-06-07 18:35:32,374 - httpx - INFO - HTTP Request: POST http://testserver/inference/predict "HTTP/1.1 422 Unprocessable Entity"
2026-06-07 18:35:32,377 - mlops_detector - WARNING - Unvalid data entry: [{'type': 'missing', 'loc': ('body', 'file'), 'msg': 'Field required', 'input': None}] - Endpoint: /inference/predict
2026-06-07 18:35:32,378 - httpx - INFO - HTTP Request: POST http://testserver/inference/predict "HTTP/1.1 422 Unprocessable Entity"
2026-06-07 18:35:32,381 - mlops_detector - WARNING - Unvalid data entry: [{'type': 'missing', 'loc': ('body', 'file'), 'msg': 'Field required', 'input': None}] - Endpoint: /inference/predict
2026-06-07 18:35:32,383 - httpx - INFO - HTTP Request: POST http://testserver/inference/predict "HTTP/1.1 422 Unprocessable Entity"
2026-06-07 18:35:32,387 - mlops_detector - WARNING - Unvalid data entry: [{'type': 'missing', 'loc': ('body', 'file'), 'msg': 'Field required', 'input': None}] - Endpoint: /inference/predict
2026-06-07 18:35:32,388 - httpx - INFO - HTTP Request: POST http://testserver/inference/predict "HTTP/1.1 422 Unprocessable Entity"
2026-06-07 18:35:32,397 - mlops_detector - ERROR - Unexpected system error: 2 validation errors:
  {'type': 'missing', 'loc': ('response', 'prediction'), 'msg': 'Field required', 'input': {'filename': 'test.png', 'model_prediction': 'REAL', 'confidence': 0.99}}
  {'type': 'missing', 'loc': ('response', 'status'), 'msg': 'Field required', 'input': {'filename': 'test.png', 'model_prediction': 'REAL', 'confidence': 0.99}}

  File "/home/goksu/ai-image-detector-mlops/venv/lib/python3.14/site-packages/slowapi/extension.py", line 38, in predict_image
    POST /inference/predict - Endpoint: /inference/predict
2026-06-07 18:35:32,650 - mlops_detector - ERROR - Unexpected system error: 2 validation errors:
  {'type': 'missing', 'loc': ('response', 'prediction'), 'msg': 'Field required', 'input': {'filename': 'test.png', 'model_prediction': 'REAL', 'confidence': 0.99}}
  {'type': 'missing', 'loc': ('response', 'status'), 'msg': 'Field required', 'input': {'filename': 'test.png', 'model_prediction': 'REAL', 'confidence': 0.99}}

  File "/home/goksu/ai-image-detector-mlops/venv/lib/python3.14/site-packages/slowapi/extension.py", line 38, in predict_image
    POST /inference/predict - Endpoint: /inference/predict
2026-06-07 18:35:32,938 - httpx - INFO - HTTP Request: POST http://testserver/feedback "HTTP/1.1 307 Temporary Redirect"
2026-06-07 18:35:32,944 - httpx - INFO - HTTP Request: POST http://testserver/feedback/ "HTTP/1.1 202 Accepted"
2026-06-07 18:35:32,955 - httpx - INFO - HTTP Request: GET http://testserver/inference/health "HTTP/1.1 401 Unauthorized"
2026-06-07 18:35:32,964 - httpx - INFO - HTTP Request: GET http://testserver/inference/health "HTTP/1.1 401 Unauthorized"
2026-06-07 18:35:32,972 - httpx - INFO - HTTP Request: GET http://testserver/inference/health "HTTP/1.1 401 Unauthorized"
2026-06-07 18:35:33,007 - mlops_detector - INFO - Feedback saved: db_test_image.png (ID: 1)
2026-06-07 18:48:25,391 - httpx - INFO - HTTP Request: GET http://testserver/inference/health "HTTP/1.1 401 Unauthorized"
2026-06-07 18:48:25,404 - httpx - INFO - HTTP Request: GET http://testserver/inference/health "HTTP/1.1 200 OK"
2026-06-07 18:48:25,409 - httpx - INFO - HTTP Request: POST http://testserver/feedback "HTTP/1.1 307 Temporary Redirect"
2026-06-07 18:48:25,416 - httpx - INFO - HTTP Request: POST http://testserver/feedback/ "HTTP/1.1 202 Accepted"
2026-06-07 18:48:25,512 - httpx - INFO - HTTP Request: POST http://testserver/inference/predict "HTTP/1.1 413 Request Entity Too Large"
2026-06-07 18:48:25,519 - httpx - INFO - HTTP Request: POST http://testserver/feedback "HTTP/1.1 307 Temporary Redirect"
2026-06-07 18:48:25,524 - mlops_detector - WARNING - Unvalid data entry: [{'type': 'string_too_short', 'loc': ('body', 'filename'), 'msg': 'String should have at least 1 character', 'input': '', 'ctx': {'min_length': 1}}] - Endpoint: /feedback/
2026-06-07 18:48:25,526 - httpx - INFO - HTTP Request: POST http://testserver/feedback/ "HTTP/1.1 422 Unprocessable Entity"
2026-06-07 18:48:25,532 - httpx - INFO - HTTP Request: POST http://testserver/feedback "HTTP/1.1 307 Temporary Redirect"
2026-06-07 18:48:25,538 - mlops_detector - WARNING - Unvalid data entry: [{'type': 'literal_error', 'loc': ('body', 'model_prediction'), 'msg': "Input should be 'REAL', 'AI_GENERATED' or 'UNCERTAIN'", 'input': 'INVALID', 'ctx': {'expected': "'REAL', 'AI_GENERATED' or 'UNCERTAIN'"}}] - Endpoint: /feedback/
2026-06-07 18:48:25,539 - httpx - INFO - HTTP Request: POST http://testserver/feedback/ "HTTP/1.1 422 Unprocessable Entity"
2026-06-07 18:48:25,546 - httpx - INFO - HTTP Request: POST http://testserver/feedback "HTTP/1.1 307 Temporary Redirect"
2026-06-07 18:48:25,552 - mlops_detector - WARNING - Unvalid data entry: [{'type': 'less_than_equal', 'loc': ('body', 'confidence'), 'msg': 'Input should be less than or equal to 1', 'input': 1.5, 'ctx': {'le': 1.0}}] - Endpoint: /feedback/
2026-06-07 18:48:25,554 - httpx - INFO - HTTP Request: POST http://testserver/feedback/ "HTTP/1.1 422 Unprocessable Entity"
2026-06-07 18:48:25,588 - mlops_detector - ERROR - Unexpected system error: 1 validation error:
  {'type': 'enum', 'loc': ('response', 'status'), 'msg': "Input should be 'SUCCESS' or 'FAILED'", 'input': 'success', 'ctx': {'expected': "'SUCCESS' or 'FAILED'"}}

  File "/home/goksu/ai-image-detector-mlops/venv/lib/python3.14/site-packages/slowapi/extension.py", line 38, in predict_image
    POST /inference/predict - Endpoint: /inference/predict
2026-06-07 18:48:25,940 - mlops_detector - ERROR - Unexpected system error: 1 validation error:
  {'type': 'enum', 'loc': ('response', 'status'), 'msg': "Input should be 'SUCCESS' or 'FAILED'", 'input': 'success', 'ctx': {'expected': "'SUCCESS' or 'FAILED'"}}

  File "/home/goksu/ai-image-detector-mlops/venv/lib/python3.14/site-packages/slowapi/extension.py", line 38, in predict_image
    POST /inference/predict - Endpoint: /inference/predict
2026-06-07 18:48:26,227 - httpx - INFO - HTTP Request: POST http://testserver/inference/predict "HTTP/1.1 400 Bad Request"
2026-06-07 18:48:26,235 - mlops_detector - ERROR - Unexpected system error: Mocked inference crash - Endpoint: /inference/predict
2026-06-07 18:48:26,603 - httpx - INFO - HTTP Request: POST http://testserver/feedback "HTTP/1.1 307 Temporary Redirect"
2026-06-07 18:48:26,610 - httpx - INFO - HTTP Request: POST http://testserver/feedback/ "HTTP/1.1 202 Accepted"
2026-06-07 18:48:26,622 - httpx - INFO - HTTP Request: GET http://testserver/inference/health "HTTP/1.1 401 Unauthorized"
2026-06-07 18:48:26,630 - httpx - INFO - HTTP Request: GET http://testserver/inference/health "HTTP/1.1 401 Unauthorized"
2026-06-07 18:48:26,640 - httpx - INFO - HTTP Request: GET http://testserver/inference/health "HTTP/1.1 401 Unauthorized"
2026-06-07 18:48:26,672 - mlops_detector - INFO - Feedback saved: db_test_image.png (ID: 1)
2026-06-07 18:52:06,676 - httpx - INFO - HTTP Request: GET http://testserver/inference/health "HTTP/1.1 401 Unauthorized"
2026-06-07 18:52:06,687 - httpx - INFO - HTTP Request: GET http://testserver/inference/health "HTTP/1.1 200 OK"
2026-06-07 18:52:06,693 - httpx - INFO - HTTP Request: POST http://testserver/feedback "HTTP/1.1 307 Temporary Redirect"
2026-06-07 18:52:06,701 - httpx - INFO - HTTP Request: POST http://testserver/feedback/ "HTTP/1.1 202 Accepted"
2026-06-07 18:52:06,787 - httpx - INFO - HTTP Request: POST http://testserver/inference/predict "HTTP/1.1 413 Request Entity Too Large"
2026-06-07 18:52:06,793 - httpx - INFO - HTTP Request: POST http://testserver/feedback "HTTP/1.1 307 Temporary Redirect"
2026-06-07 18:52:06,798 - mlops_detector - WARNING - Unvalid data entry: [{'type': 'string_too_short', 'loc': ('body', 'filename'), 'msg': 'String should have at least 1 character', 'input': '', 'ctx': {'min_length': 1}}] - Endpoint: /feedback/
2026-06-07 18:52:06,800 - httpx - INFO - HTTP Request: POST http://testserver/feedback/ "HTTP/1.1 422 Unprocessable Entity"
2026-06-07 18:52:06,805 - httpx - INFO - HTTP Request: POST http://testserver/feedback "HTTP/1.1 307 Temporary Redirect"
2026-06-07 18:52:06,811 - mlops_detector - WARNING - Unvalid data entry: [{'type': 'literal_error', 'loc': ('body', 'model_prediction'), 'msg': "Input should be 'REAL', 'AI_GENERATED' or 'UNCERTAIN'", 'input': 'INVALID', 'ctx': {'expected': "'REAL', 'AI_GENERATED' or 'UNCERTAIN'"}}] - Endpoint: /feedback/
2026-06-07 18:52:06,813 - httpx - INFO - HTTP Request: POST http://testserver/feedback/ "HTTP/1.1 422 Unprocessable Entity"
2026-06-07 18:52:06,819 - httpx - INFO - HTTP Request: POST http://testserver/feedback "HTTP/1.1 307 Temporary Redirect"
2026-06-07 18:52:06,824 - mlops_detector - WARNING - Unvalid data entry: [{'type': 'less_than_equal', 'loc': ('body', 'confidence'), 'msg': 'Input should be less than or equal to 1', 'input': 1.5, 'ctx': {'le': 1.0}}] - Endpoint: /feedback/
2026-06-07 18:52:06,826 - httpx - INFO - HTTP Request: POST http://testserver/feedback/ "HTTP/1.1 422 Unprocessable Entity"
2026-06-07 18:52:06,863 - httpx - INFO - HTTP Request: POST http://testserver/inference/predict "HTTP/1.1 200 OK"
2026-06-07 18:52:06,870 - httpx - INFO - HTTP Request: POST http://testserver/inference/predict "HTTP/1.1 200 OK"
2026-06-07 18:52:06,876 - httpx - INFO - HTTP Request: POST http://testserver/inference/predict "HTTP/1.1 200 OK"
2026-06-07 18:52:06,883 - httpx - INFO - HTTP Request: POST http://testserver/inference/predict "HTTP/1.1 200 OK"
2026-06-07 18:52:06,888 - slowapi - WARNING - ratelimit 5 per 1 second (testclient) exceeded at endpoint: /inference/predict
2026-06-07 18:52:06,889 - httpx - INFO - HTTP Request: POST http://testserver/inference/predict "HTTP/1.1 429 Too Many Requests"
2026-06-07 18:52:06,896 - slowapi - WARNING - ratelimit 5 per 1 second (testclient) exceeded at endpoint: /inference/predict
2026-06-07 18:52:06,899 - httpx - INFO - HTTP Request: POST http://testserver/inference/predict "HTTP/1.1 429 Too Many Requests"
2026-06-07 18:52:06,950 - slowapi - WARNING - ratelimit 5 per 1 second (testclient) exceeded at endpoint: /inference/predict
2026-06-07 18:52:06,953 - httpx - INFO - HTTP Request: POST http://testserver/inference/predict "HTTP/1.1 429 Too Many Requests"
2026-06-07 18:52:06,966 - httpx - INFO - HTTP Request: GET http://testserver/inference/health "HTTP/1.1 401 Unauthorized"
2026-06-07 18:52:06,973 - httpx - INFO - HTTP Request: GET http://testserver/inference/health "HTTP/1.1 401 Unauthorized"
2026-06-07 18:52:06,983 - httpx - INFO - HTTP Request: GET http://testserver/inference/health "HTTP/1.1 401 Unauthorized"
2026-06-07 18:52:07,015 - mlops_detector - INFO - Feedback saved: db_test_image.png (ID: 1)
2026-06-07 18:53:41,271 - httpx - INFO - HTTP Request: GET http://testserver/inference/health "HTTP/1.1 401 Unauthorized"
2026-06-07 18:53:41,283 - httpx - INFO - HTTP Request: GET http://testserver/inference/health "HTTP/1.1 200 OK"
2026-06-07 18:53:41,290 - httpx - INFO - HTTP Request: POST http://testserver/feedback "HTTP/1.1 307 Temporary Redirect"
2026-06-07 18:53:41,297 - httpx - INFO - HTTP Request: POST http://testserver/feedback/ "HTTP/1.1 202 Accepted"
2026-06-07 18:53:41,393 - httpx - INFO - HTTP Request: POST http://testserver/inference/predict "HTTP/1.1 413 Request Entity Too Large"
2026-06-07 18:53:41,399 - httpx - INFO - HTTP Request: POST http://testserver/feedback "HTTP/1.1 307 Temporary Redirect"
2026-06-07 18:53:41,404 - mlops_detector - WARNING - Unvalid data entry: [{'type': 'string_too_short', 'loc': ('body', 'filename'), 'msg': 'String should have at least 1 character', 'input': '', 'ctx': {'min_length': 1}}] - Endpoint: /feedback/
2026-06-07 18:53:41,406 - httpx - INFO - HTTP Request: POST http://testserver/feedback/ "HTTP/1.1 422 Unprocessable Entity"
2026-06-07 18:53:41,414 - httpx - INFO - HTTP Request: POST http://testserver/feedback "HTTP/1.1 307 Temporary Redirect"
2026-06-07 18:53:41,418 - mlops_detector - WARNING - Unvalid data entry: [{'type': 'literal_error', 'loc': ('body', 'model_prediction'), 'msg': "Input should be 'REAL', 'AI_GENERATED' or 'UNCERTAIN'", 'input': 'INVALID', 'ctx': {'expected': "'REAL', 'AI_GENERATED' or 'UNCERTAIN'"}}] - Endpoint: /feedback/
2026-06-07 18:53:41,420 - httpx - INFO - HTTP Request: POST http://testserver/feedback/ "HTTP/1.1 422 Unprocessable Entity"
2026-06-07 18:53:41,428 - httpx - INFO - HTTP Request: POST http://testserver/feedback "HTTP/1.1 307 Temporary Redirect"
2026-06-07 18:53:41,434 - mlops_detector - WARNING - Unvalid data entry: [{'type': 'less_than_equal', 'loc': ('body', 'confidence'), 'msg': 'Input should be less than or equal to 1', 'input': 1.5, 'ctx': {'le': 1.0}}] - Endpoint: /feedback/
2026-06-07 18:53:41,436 - httpx - INFO - HTTP Request: POST http://testserver/feedback/ "HTTP/1.1 422 Unprocessable Entity"
2026-06-07 18:53:41,471 - httpx - INFO - HTTP Request: POST http://testserver/inference/predict "HTTP/1.1 200 OK"
2026-06-07 18:53:41,478 - httpx - INFO - HTTP Request: POST http://testserver/inference/predict "HTTP/1.1 200 OK"
2026-06-07 18:53:41,484 - httpx - INFO - HTTP Request: POST http://testserver/inference/predict "HTTP/1.1 200 OK"
2026-06-07 18:53:41,491 - httpx - INFO - HTTP Request: POST http://testserver/inference/predict "HTTP/1.1 200 OK"
2026-06-07 18:53:41,496 - slowapi - WARNING - ratelimit 5 per 1 second (testclient) exceeded at endpoint: /inference/predict
2026-06-07 18:53:41,497 - httpx - INFO - HTTP Request: POST http://testserver/inference/predict "HTTP/1.1 429 Too Many Requests"
2026-06-07 18:53:42,524 - httpx - INFO - HTTP Request: POST http://testserver/inference/predict "HTTP/1.1 400 Bad Request"
2026-06-07 18:53:42,541 - mlops_detector - ERROR - Model Inference Error: Mocked inference crash
2026-06-07 18:53:42,544 - httpx - INFO - HTTP Request: POST http://testserver/inference/predict "HTTP/1.1 500 Internal Server Error"
2026-06-07 18:53:42,555 - httpx - INFO - HTTP Request: GET http://testserver/inference/health "HTTP/1.1 401 Unauthorized"
2026-06-07 18:53:42,563 - httpx - INFO - HTTP Request: GET http://testserver/inference/health "HTTP/1.1 401 Unauthorized"
2026-06-07 18:53:42,572 - httpx - INFO - HTTP Request: GET http://testserver/inference/health "HTTP/1.1 401 Unauthorized"
2026-06-07 18:53:42,607 - mlops_detector - INFO - Feedback saved: db_test_image.png (ID: 1)
2026-06-12 23:04:56,762 - mlops_detector - INFO - MLOps Training Pipeline
2026-06-12 23:05:37,460 - mlops_detector - INFO - MLOps Training Pipeline
2026-06-12 23:06:05,656 - mlops_detector - INFO - MLOps Training Pipeline
2026-06-12 23:06:27,196 - mlops_detector - INFO - MLOps Training Pipeline
2026-06-12 23:06:27,199 - mlops_detector - INFO - Device: cpu
2026-06-12 23:06:27,199 - mlops_detector - WARNING - Aborted — Missing dataste directory: data/train. Prepare the dataset and retry.
2026-06-12 23:34:29,974 - mlops_detector - INFO - MLOps Training Pipeline
2026-06-12 23:34:29,980 - mlops_detector - INFO - Device: cpu
2026-06-12 23:34:29,981 - mlops_detector - WARNING - Aborted — Found no valid file for the classes AI_GENERATED, REAL. Supported extensions are: .jpg, .jpeg, .png, .ppm, .bmp, .pgm, .tif, .tiff, .webp. Prepare the dataset and retry.
2026-06-12 23:39:25,613 - mlops_detector - INFO - MLOps Training Pipeline
2026-06-12 23:39:25,619 - mlops_detector - INFO - Device: cpu
2026-06-12 23:39:25,620 - mlops_detector - CRITICAL - Unexpected error: unsupported operand type(s) for ** or pow(): 'bool' and 'dict'
Traceback (most recent call last):
  File "/home/goksu/ai-image-detector-mlops/scripts/train.py", line 270, in main
    train_loader, val_loader, classes = get_dataloaders(config)
                                        ~~~~~~~~~~~~~~~^^^^^^^^
  File "/home/goksu/ai-image-detector-mlops/scripts/train.py", line 71, in get_dataloaders
    val_loader = DataLoader(val_dataset, shuffle = True **loader_kwargs)
                                                   ~~~~~^^~~~~~~~~~~~~~
TypeError: unsupported operand type(s) for ** or pow(): 'bool' and 'dict'
2026-06-12 23:39:56,218 - mlops_detector - INFO - MLOps Training Pipeline
2026-06-12 23:39:56,220 - mlops_detector - INFO - Device: cpu
2026-06-12 23:39:56,221 - mlops_detector - INFO - Dataset ready — train: 2, val: 2, classes: ['AI_GENERATED', 'REAL']
2026-06-12 23:39:57,916 - mlops_detector - INFO - Model ready. Trainable params: 592,898 / 1,519,906
2026-06-12 23:39:57,918 - mlops_detector - CRITICAL - Unexpected error: 'Trainer' object has no attribute 'run'
Traceback (most recent call last):
  File "/home/goksu/ai-image-detector-mlops/scripts/train.py", line 274, in main
    best_metrics = trainer.run(train_loader, val_loader)
                   ^^^^^^^^^^^
AttributeError: 'Trainer' object has no attribute 'run'
2026-06-12 23:44:39,914 - mlops_detector - INFO - MLOps Training Pipeline
2026-06-12 23:44:39,917 - mlops_detector - INFO - Device: cpu
2026-06-12 23:44:39,918 - mlops_detector - INFO - Dataset ready — train: 2, val: 2, classes: ['AI_GENERATED', 'REAL']
2026-06-12 23:44:40,022 - mlops_detector - INFO - Model ready. Trainable params: 592,898 / 1,519,906
2026-06-12 23:44:40,025 - mlops_detector - INFO - Training on cpu for up to 20
2026-06-12 23:44:44,746 - mlops_detector - CRITICAL - Unexpected error: Boolean value of Tensor with more than one value is ambiguous
Traceback (most recent call last):
  File "/home/goksu/ai-image-detector-mlops/scripts/train.py", line 274, in main
    best_metrics = trainer.run(train_loader, val_loader)
  File "/home/goksu/ai-image-detector-mlops/scripts/train.py", line 194, in run
    train_loss = self._train_epoch(train_loader)
  File "/home/goksu/ai-image-detector-mlops/scripts/train.py", line 141, in _train_epoch
    loss = self.criterion(self.model(inputs), labels)
  File "/home/goksu/ai-image-detector-mlops/venv/lib/python3.14/site-packages/torch/nn/modules/loss.py", line 1388, in __init__
    super().__init__(weight, size_average, reduce, reduction)
    ~~~~~~~~~~~~~~~~^^^^^^^^^^^^^^^^^^^^^^^^^^^^^^^^^^^^^^^^^
  File "/home/goksu/ai-image-detector-mlops/venv/lib/python3.14/site-packages/torch/nn/modules/loss.py", line 57, in __init__
    super().__init__(size_average, reduce, reduction)
    ~~~~~~~~~~~~~~~~^^^^^^^^^^^^^^^^^^^^^^^^^^^^^^^^^
  File "/home/goksu/ai-image-detector-mlops/venv/lib/python3.14/site-packages/torch/nn/modules/loss.py", line 44, in __init__
    self.reduction: str = _Reduction.legacy_get_string(size_average, reduce)
                          ~~~~~~~~~~~~~~~~~~~~~~~~~~~~^^^^^^^^^^^^^^^^^^^^^^
  File "/home/goksu/ai-image-detector-mlops/venv/lib/python3.14/site-packages/torch/nn/_reduction.py", line 44, in legacy_get_string
    if size_average and reduce:
       ^^^^^^^^^^^^
RuntimeError: Boolean value of Tensor with more than one value is ambiguous
2026-06-12 23:53:44,087 - mlops_detector - INFO - MLOps Training Pipeline
2026-06-12 23:53:44,095 - mlops_detector - INFO - Device: cpu
2026-06-12 23:53:44,096 - mlops_detector - INFO - Dataset ready — train: 2, val: 2, classes: ['AI_GENERATED', 'REAL']
2026-06-12 23:53:44,240 - mlops_detector - INFO - Model ready. Trainable params: 592,898 / 1,519,906
2026-06-12 23:53:44,242 - mlops_detector - INFO - Training on cpu for up to 20
2026-06-12 23:53:49,298 - mlops_detector - CRITICAL - Unexpected error: 'Tensor' object has no attribute 'numoy'
Traceback (most recent call last):
  File "/home/goksu/ai-image-detector-mlops/scripts/train.py", line 274, in main
    best_metrics = trainer.run(train_loader, val_loader)
  File "/home/goksu/ai-image-detector-mlops/scripts/train.py", line 195, in run
    val_loss, metrics = self._validate_epoch(val_loader)
                        ~~~~~~~~~~~~~~~~~~~~^^^^^^^^^^^^
  File "/home/goksu/ai-image-detector-mlops/venv/lib/python3.14/site-packages/torch/utils/_contextlib.py", line 124, in decorate_context
    return func(*args, **kwargs)
  File "/home/goksu/ai-image-detector-mlops/scripts/train.py", line 159, in _validate_epoch
    all_preds.extend(outputs.argmax(dim= 1).cpu().numoy())
                     ^^^^^^^^^^^^^^^^^^^^^^^^^^^^^^^^^^
AttributeError: 'Tensor' object has no attribute 'numoy'. Did you mean: 'numpy'?
2026-06-12 23:54:23,896 - mlops_detector - INFO - MLOps Training Pipeline
2026-06-12 23:54:23,900 - mlops_detector - INFO - Device: cpu
2026-06-12 23:54:23,901 - mlops_detector - INFO - Dataset ready — train: 2, val: 2, classes: ['AI_GENERATED', 'REAL']
2026-06-12 23:54:24,002 - mlops_detector - INFO - Model ready. Trainable params: 592,898 / 1,519,906
2026-06-12 23:54:24,005 - mlops_detector - INFO - Training on cpu for up to 20
2026-06-12 23:54:28,636 - mlops_detector - INFO - Epoch   1/20 | Train Loss: 0.6817 | Val Loss: 0.7097 | F1: 0.3333 | Acc: 0.5000
2026-06-12 23:54:28,657 - mlops_detector - CRITICAL - Unexpected error: 'Trainer' object has no attribute 'optimier'
Traceback (most recent call last):
  File "/home/goksu/ai-image-detector-mlops/scripts/train.py", line 274, in main
    best_metrics = trainer.run(train_loader, val_loader)
  File "/home/goksu/ai-image-detector-mlops/scripts/train.py", line 208, in run
    self._save_checkpoint(metrics)
    ~~~~~~~~~~~~~~~~~~~~~^^^^^^^^^
  File "/home/goksu/ai-image-detector-mlops/scripts/train.py", line 181, in _save_checkpoint
    "optimizer_state_dict": self.optimier.state_dict(),
                            ^^^^^^^^^^^^^
AttributeError: 'Trainer' object has no attribute 'optimier'. Did you mean: 'optimizer'?
2026-06-12 23:55:59,998 - mlops_detector - INFO - MLOps Training Pipeline
2026-06-12 23:56:00,001 - mlops_detector - INFO - Device: cpu
2026-06-12 23:56:00,002 - mlops_detector - INFO - Dataset ready — train: 2, val: 2, classes: ['AI_GENERATED', 'REAL']
2026-06-12 23:56:00,115 - mlops_detector - INFO - Model ready. Trainable params: 592,898 / 1,519,906
2026-06-12 23:56:00,119 - mlops_detector - INFO - Training on cpu for up to 20
2026-06-12 23:56:04,903 - mlops_detector - INFO - Epoch   1/20 | Train Loss: 0.6817 | Val Loss: 0.7097 | F1: 0.3333 | Acc: 0.5000
2026-06-12 23:56:04,953 - mlops_detector - INFO -   ✓ New best model saved to disk 
2026-06-12 23:56:05,236 - mlops_detector - INFO - Epoch   2/20 | Train Loss: 0.3027 | Val Loss: 0.7388 | F1: 0.3333 | Acc: 0.5000
2026-06-12 23:56:05,558 - mlops_detector - INFO - Epoch   3/20 | Train Loss: 0.1074 | Val Loss: 0.7683 | F1: 0.3333 | Acc: 0.5000
2026-06-12 23:56:05,868 - mlops_detector - INFO - Epoch   4/20 | Train Loss: 0.0637 | Val Loss: 0.8087 | F1: 0.3333 | Acc: 0.5000
2026-06-12 23:56:06,221 - mlops_detector - INFO - Epoch   5/20 | Train Loss: 0.0196 | Val Loss: 0.8490 | F1: 0.3333 | Acc: 0.5000
2026-06-12 23:56:06,510 - mlops_detector - INFO - Epoch   6/20 | Train Loss: 0.0082 | Val Loss: 0.8862 | F1: 0.3333 | Acc: 0.5000
2026-06-12 23:56:06,511 - mlops_detector - INFO - Early stopping triggered at epoch 6
2026-06-12 23:56:15,944 - onnx_ir.passes.common.unused_removal - INFO - No unused functions to remove
2026-06-12 23:56:15,945 - onnxscript.version_converter - WARNING - The model version conversion is not supported by the onnxscript version converter and fallback is enabled. The model will be converted using the onnx C API (target version: 14).
2026-06-12 23:56:16,045 - onnxscript.version_converter - WARNING - Failed to convert the model to the target version 14 using the ONNX C API. The model was not modified
Traceback (most recent call last):
  File "/home/goksu/ai-image-detector-mlops/venv/lib/python3.14/site-packages/onnxscript/version_converter/__init__.py", line 137, in call
    converted_proto = _c_api_utils.call_onnx_api(
        func=_partial_convert_version, model=model
    )
  File "/home/goksu/ai-image-detector-mlops/venv/lib/python3.14/site-packages/onnxscript/version_converter/_c_api_utils.py", line 65, in call_onnx_api
    result = func(proto)
  File "/home/goksu/ai-image-detector-mlops/venv/lib/python3.14/site-packages/onnxscript/version_converter/__init__.py", line 132, in _partial_convert_version
    return onnx.version_converter.convert_version(
           ~~~~~~~~~~~~~~~~~~~~~~~~~~~~~~~~~~~~~~^
        proto, target_version=self.target_version
        ^^^^^^^^^^^^^^^^^^^^^^^^^^^^^^^^^^^^^^^^^
    )
    ^
  File "/home/goksu/ai-image-detector-mlops/venv/lib/python3.14/site-packages/onnx/version_converter.py", line 39, in convert_version
    converted_model_str = C.convert_version(model_str, target_version)
RuntimeError: /github/workspace/onnx/version_converter/adapters/axes_input_to_attribute.h:68: adapt: Assertion `node->hasAttribute(kaxes)` failed: No initializer or constant input to node found
2026-06-12 23:56:16,062 - onnx_ir.passes.common.unused_removal - INFO - Removed 308 unused nodes
2026-06-12 23:56:16,064 - onnx_ir.passes.common.unused_removal - INFO - No unused functions to remove
2026-06-12 23:56:16,069 - onnxscript.optimizer._constant_folding - INFO - Skipping constant folding for node 'node_Shape_0' because it is graph input to preserve graph signature
2026-06-12 23:56:16,081 - onnxscript.optimizer._constant_folding - INFO - Skipping constant folding for node 'node_conv2d' because it is graph input to preserve graph signature
2026-06-12 23:56:16,332 - onnx_ir.passes.common.unused_removal - INFO - Removed 253 unused nodes
2026-06-12 23:56:16,332 - onnxscript.rewriter - INFO - Applied 69 of general pattern rewrite rules.
2026-06-12 23:56:16,334 - onnx_ir.passes.common.unused_removal - INFO - No unused functions to remove
2026-06-12 23:56:16,334 - onnxscript.optimizer._constant_folding - INFO - Skipping constant folding for node 'node_Shape_0' because it is graph input to preserve graph signature
2026-06-12 23:56:16,335 - onnxscript.optimizer._constant_folding - INFO - Skipping constant folding for node 'node_Conv_506' because it is graph input to preserve graph signature
2026-06-12 23:56:16,396 - onnx_ir.passes.common.unused_removal - INFO - Removed 1 unused nodes
2026-06-12 23:56:16,398 - onnx_ir.passes.common.unused_removal - INFO - No unused functions to remove
2026-06-12 23:56:16,402 - onnx_ir.passes.common.initializer_deduplication - INFO - Replaced initializer 'val_129' with existing initializer 'val_28'
2026-06-12 23:56:16,402 - onnx_ir.passes.common.initializer_deduplication - INFO - Replaced initializer 'val_164' with existing initializer 'val_28'
2026-06-12 23:56:16,402 - onnx_ir.passes.common.initializer_deduplication - INFO - Replaced initializer 'val_199' with existing initializer 'val_28'
2026-06-12 23:56:16,402 - onnx_ir.passes.common.initializer_deduplication - INFO - Replaced initializer 'val_234' with existing initializer 'val_28'
2026-06-12 23:56:16,403 - onnx_ir.passes.common.initializer_deduplication - INFO - Replaced initializer 'val_269' with existing initializer 'val_28'
2026-06-12 23:56:16,403 - onnx_ir.passes.common.initializer_deduplication - INFO - Replaced initializer 'val_304' with existing initializer 'val_28'
2026-06-12 23:56:16,403 - onnx_ir.passes.common.initializer_deduplication - INFO - Replaced initializer 'val_339' with existing initializer 'val_28'
2026-06-12 23:56:16,403 - onnx_ir.passes.common.initializer_deduplication - INFO - Replaced initializer 'val_374' with existing initializer 'val_28'
2026-06-12 23:56:16,404 - onnx_ir.passes.common.initializer_deduplication - INFO - Replaced initializer 'val_398' with existing initializer 'val_28'
2026-06-12 23:56:16,447 - mlops_detector - INFO - ONNX model exported models/model_v1.onnx
2026-06-12 23:56:16,448 - mlops_detector - INFO - Metadata saved: [config.metadata_path]
2026-06-12 23:56:16,448 - mlops_detector - INFO - Pipeline complete.
2026-06-12 23:56:16,448 - mlops_detector - INFO - Best metrics: {'accuracy': 0.5, 'precision': 0.25, 'recall': 0.5, 'f1_score': 0.3333}
